// Jest Snapshot v1, https://goo.gl/fbAQLP

exports[`<SearchInput /> should have a value of searchValue 1`] = `
<input
  class="text-input"
  placeholder="Type your search"
  type="search"
  value=""
/>
`;
